// Jest Snapshot v1, https://goo.gl/fbAQLP

exports[`asciiart 1`] = `
" ___
< A >
 ---
        \\\\   ^__^
         \\\\  (oo)\\\\_______
            (__)\\\\       )\\\\/\\\\
                ||----w |
                ||     ||"
`;
